// Jest Snapshot v1, https://goo.gl/fbAQLP

exports[`CharacterDetails component renders CharacterDetails 1`] = `[Function]`;
